Output: C:\Users\User\Desktop\camera_ws\result\j5_repeat_20260909_162129; robot=RobotInfo(model=A@v1.2, dof=24, joints=24, powers=4, emos=1); fixed center deg=[ -55.00038676  -45.0004351    25.00031424 -127.00064782   89.99824219
   -0.30234375    0.        ]
REPEAT 1/3: same fixed J5 command
[SWEEP COMMAND] right J4: 74.9982° -> 104.9982°; minimum_time=15.0000s, start_move=1.2000s; center_deg=[ -55.0004  -45.0004   25.0003 -127.0006   89.9982   -0.3023    0.    ]; command already includes staged correction (apply_offsets=False)
[SWEEP COMMAND] right J6: -15.0000° -> 15.0000°; minimum_time=15.0000s, start_move=1.2000s; center_deg=[ -55.0004  -45.0004   25.0003 -127.0006   89.9982   -0.3023    0.    ]; command already includes staged correction (apply_offsets=False)
[SWEEP COMMAND] right J5: -15.3023° -> -0.3023°; minimum_time=15.0000s, start_move=1.2000s; center_deg=[ -55.0004  -45.0004   25.0003 -127.0006   89.9982   -0.3023    0.    ]; command already includes staged correction (apply_offsets=False)
{"measurement_accepted": false, "failure_reason": "Parallel-joint circles do not coincide: center=0.605 mm, radius difference=0.583 mm", "quality_diagnostics": {"circle_A": 0.00011766784494240409, "circle_B": 0.00011365357575037299, "circle_C": 9.098055632377464e-05, "fit": "observed_adjacent_axes_free_centers", "relative_correction_deg": 0.0013984525145319352, "center_distance_mm": 0.6045113988170636, "radius_difference_mm": 0.5827831053877404, "frames": [451, 457, 461], "arc_deg": [30.41881637988359, 30.781616208226524, 13.553211032366262]}}
REPEAT 2/3: same fixed J5 command
[SWEEP COMMAND] right J4: 74.9982° -> 104.9982°; minimum_time=15.0000s, start_move=1.2000s; center_deg=[ -55.0004  -45.0004   25.0003 -127.0006   89.9982   -0.3023    0.    ]; command already includes staged correction (apply_offsets=False)
[SWEEP COMMAND] right J6: -15.0000° -> 15.0000°; minimum_time=15.0000s, start_move=1.2000s; center_deg=[ -55.0004  -45.0004   25.0003 -127.0006   89.9982   -0.3023    0.    ]; command already includes staged correction (apply_offsets=False)
[SWEEP COMMAND] right J5: -15.3023° -> -0.3023°; minimum_time=15.0000s, start_move=1.2000s; center_deg=[ -55.0004  -45.0004   25.0003 -127.0006   89.9982   -0.3023    0.    ]; command already includes staged correction (apply_offsets=False)
[SWEEP QUALITY] wrist_pitch: relative correction=0.01782 deg; circles RMS=0.1167/0.1189 mm
{"measurement_accepted": true, "optimal_offset": 0.017816860172886702, "quality_diagnostics": {"circle_A": 0.00011669664001617422, "circle_B": 0.00011894458686594448, "circle_C": 9.323860099317884e-05, "fit": "observed_adjacent_axes_free_centers", "relative_correction_deg": 0.017816860172886702, "center_distance_mm": 0.3969612804152875, "radius_difference_mm": 0.3997396184206181, "frames": [461, 453, 461], "arc_deg": [30.86076494292591, 30.645639666333278, 13.522313732337485]}, "mode": "wrist_pitch", "converged": false, "angle_between_normals": 0.017816860112871296, "center_dist": 0.3969612804152875, "perp_dist_after": 0.3969612757594946, "r_A": 52.71410547719969, "r_B": 53.113845095620306}
REPEAT 3/3: same fixed J5 command
[SWEEP COMMAND] right J4: 74.9982° -> 104.9982°; minimum_time=15.0000s, start_move=1.2000s; center_deg=[ -55.0004  -45.0004   25.0003 -127.0006   89.9982   -0.3023    0.    ]; command already includes staged correction (apply_offsets=False)
[SWEEP COMMAND] right J6: -15.0000° -> 15.0000°; minimum_time=15.0000s, start_move=1.2000s; center_deg=[ -55.0004  -45.0004   25.0003 -127.0006   89.9982   -0.3023    0.    ]; command already includes staged correction (apply_offsets=False)
[SWEEP COMMAND] right J5: -15.3023° -> -0.3023°; minimum_time=15.0000s, start_move=1.2000s; center_deg=[ -55.0004  -45.0004   25.0003 -127.0006   89.9982   -0.3023    0.    ]; command already includes staged correction (apply_offsets=False)
[SWEEP QUALITY] wrist_pitch: relative correction=0.01345 deg; circles RMS=0.1167/0.1158 mm
{"measurement_accepted": true, "optimal_offset": 0.013452923670700017, "quality_diagnostics": {"circle_A": 0.00011665880977748147, "circle_B": 0.00011580062668804598, "circle_C": 9.578791869896748e-05, "fit": "observed_adjacent_axes_free_centers", "relative_correction_deg": 0.013452923670700017, "center_distance_mm": 0.22918837192561908, "radius_difference_mm": 0.2156345252920815, "frames": [461, 453, 462], "arc_deg": [30.487117691157163, 30.622137298438105, 13.425548329525741]}, "mode": "wrist_pitch", "converged": false, "angle_between_normals": 0.013452923755874351, "center_dist": 0.22918837192561908, "perp_dist_after": 0.22918123279732394, "r_A": 53.339836309947096, "r_B": 53.124201784655014}
Configuration files changed: []
