CONNECTED REAL ROBOT RobotInfo(model=A@v1.2, dof=24, joints=24, powers=4, emos=1); output=C:\Users\User\Desktop\camera_ws\result\real_manual6000_20260909_01
[EXPOSURE] auto=False, configured=6000.0us, actual=6000.0us
Starting FULL AUTO sequential calibration...

==================================================
   STARTING PASS 1/2 FOR RIGHT ARM
==================================================

[INFO] Detected Robot Version: 1.2 (is_v1.3: False)
[FULL AUTO 1/3] Calibrating J5 (Wrist Pitch) first on v1.2 right arm...
[INFO] Moving right arm to wrist_pitch Ready Pose...
[INFO] Moving inactive arm to zero pose first...
[INFO] Moving active arm, torso, and head to ready pose...
[INFO] Ready Pose Reached.
   STARTING ITERATIVE JOINT CALIBRATION SEQUENCE

[ITERATION 1/6] Sweeping physically with staged offset 0.0000°...
[SWEEP COMMAND] right J4: 74.9989° -> 104.9989°; minimum_time=15.0000s, start_move=1.2000s; center_deg=[ -55.0002  -45.0004   25.0001 -127.0006   89.9989    0.        0.    ]; command already includes staged correction (apply_offsets=False)
[SWEEP COMMAND] right J6: -15.0000° -> 15.0000°; minimum_time=15.0000s, start_move=1.2000s; center_deg=[ -55.0002  -45.0004   25.0001 -127.0006   89.9989    0.        0.    ]; command already includes staged correction (apply_offsets=False)
[SWEEP COMMAND] right J5: -15.0000° -> 0.0000°; minimum_time=15.0000s, start_move=1.2000s; center_deg=[ -55.0002  -45.0004   25.0001 -127.0006   89.9989    0.        0.    ]; command already includes staged correction (apply_offsets=False)
[SWEEP QUALITY] wrist_pitch: relative correction=-0.25720 deg; circles RMS=0.1258/0.1213 mm

[ITERATION 2/6] Sweeping physically with staged offset -0.2572°...
[SWEEP COMMAND] right J4: 74.9989° -> 104.9989°; minimum_time=15.0000s, start_move=1.2000s; center_deg=[ -55.0002  -45.0004   25.0001 -127.0006   89.9989   -0.2572    0.    ]; command already includes staged correction (apply_offsets=False)
[SWEEP COMMAND] right J6: -15.0000° -> 15.0000°; minimum_time=15.0000s, start_move=1.2000s; center_deg=[ -55.0002  -45.0004   25.0001 -127.0006   89.9989   -0.2572    0.    ]; command already includes staged correction (apply_offsets=False)
[SWEEP COMMAND] right J5: -15.2572° -> -0.2572°; minimum_time=15.0000s, start_move=1.2000s; center_deg=[ -55.0002  -45.0004   25.0001 -127.0006   89.9989   -0.2572    0.    ]; command already includes staged correction (apply_offsets=False)
[MEASUREMENT REJECTED] Parallel-joint circles do not coincide: center=0.602 mm, radius difference=0.581 mm. Keeping staged offset -0.2572°; no correction from this measurement.
[SWEEP QUALITY] {'circle_A': 0.00011907750801136228, 'circle_B': 0.000120145278065513, 'circle_C': 0.00010242364898294779, 'fit': 'observed_adjacent_axes_free_centers', 'relative_correction_deg': -0.026389291990184374, 'center_distance_mm': 0.6018808258134621, 'radius_difference_mm': 0.5807146439685056, 'frames': [459, 465, 456], 'arc_deg': [29.431691979192404, 29.100052278996934, 13.728209394107596]}
[WARNING] right wrist_pitch: Parallel-joint circles do not coincide: center=0.602 mm, radius difference=0.581 mm; no new offset staged in UI.
[FULL AUTO] J5 remains unconverged; J6, bracket and elbow deferred.

==================================================
   STARTING PASS 2/2 FOR RIGHT ARM
==================================================

[INFO] Detected Robot Version: 1.2 (is_v1.3: False)
[FULL AUTO 1/3] Calibrating J5 (Wrist Pitch) first on v1.2 right arm...
[INFO] Moving right arm to wrist_pitch Ready Pose...
[INFO] Moving inactive arm to zero pose first...
[INFO] Moving active arm, torso, and head to ready pose...
[INFO] Ready Pose Reached.
   STARTING ITERATIVE JOINT CALIBRATION SEQUENCE

[ITERATION 1/6] Sweeping physically with staged offset 0.0000°...
[SWEEP COMMAND] right J4: 74.9987° -> 104.9987°; minimum_time=15.0000s, start_move=1.2000s; center_deg=[ -55.      -45.0004   24.9999 -127.0006   89.9987    0.       -0.0004]; command already includes staged correction (apply_offsets=False)
[SWEEP COMMAND] right J6: -15.0004° -> 14.9996°; minimum_time=15.0000s, start_move=1.2000s; center_deg=[ -55.      -45.0004   24.9999 -127.0006   89.9987    0.       -0.0004]; command already includes staged correction (apply_offsets=False)
[SWEEP COMMAND] right J5: -15.0000° -> 0.0000°; minimum_time=15.0000s, start_move=1.2000s; center_deg=[ -55.      -45.0004   24.9999 -127.0006   89.9987    0.       -0.0004]; command already includes staged correction (apply_offsets=False)
[SWEEP QUALITY] wrist_pitch: relative correction=-0.25275 deg; circles RMS=0.1278/0.1251 mm

[ITERATION 2/6] Sweeping physically with staged offset -0.2528°...
[SWEEP COMMAND] right J4: 74.9987° -> 104.9987°; minimum_time=15.0000s, start_move=1.2000s; center_deg=[ -55.      -45.0004   24.9999 -127.0006   89.9987   -0.2528   -0.0004]; command already includes staged correction (apply_offsets=False)
[SWEEP COMMAND] right J6: -15.0004° -> 14.9996°; minimum_time=15.0000s, start_move=1.2000s; center_deg=[ -55.      -45.0004   24.9999 -127.0006   89.9987   -0.2528   -0.0004]; command already includes staged correction (apply_offsets=False)
[SWEEP COMMAND] right J5: -15.2528° -> -0.2528°; minimum_time=15.0000s, start_move=1.2000s; center_deg=[ -55.      -45.0004   24.9999 -127.0006   89.9987   -0.2528   -0.0004]; command already includes staged correction (apply_offsets=False)
[MEASUREMENT REJECTED] Parallel-joint circles do not coincide: center=1.609 mm, radius difference=1.584 mm. Keeping staged offset -0.2528°; no correction from this measurement.
[SWEEP QUALITY] {'circle_A': 0.00011596833032704695, 'circle_B': 0.00011895836836803708, 'circle_C': 9.991305531269343e-05, 'fit': 'observed_adjacent_axes_free_centers', 'relative_correction_deg': -0.02349680010158391, 'center_distance_mm': 1.608786705164446, 'radius_difference_mm': 1.583842668993782, 'frames': [460, 460, 464], 'arc_deg': [29.46816570986289, 28.637926056291274, 13.796970584721862]}
[WARNING] right wrist_pitch: Parallel-joint circles do not coincide: center=1.609 mm, radius difference=1.584 mm; no new offset staged in UI.
[FULL AUTO] J5 remains unconverged; J6, bracket and elbow deferred.
[ERROR] Full Auto sequential calibration failed: right: J5 prerequisite did not converge after 2 passes
Traceback (most recent call last):
  File "C:\Users\User\Desktop\camera_ws\core\calibration_core.py", line 427, in run
    raise RuntimeError(f"{arm_side}: J5 prerequisite did not converge after {max_passes} passes")
RuntimeError: right: J5 prerequisite did not converge after 2 passes

Traceback (most recent call last):
  File "C:\Users\User\Desktop\camera_ws\scratch\run_real_calibration.py", line 168, in run
    raise RuntimeError(f'Step 1 failed: {worker.error_msg}; convergence={worker.arm_convergence}')
RuntimeError: Step 1 failed: right: J5 prerequisite did not converge after 2 passes; convergence={'right': False}

FINAL STATUS {"endpoint": "192.168.1.40:50051", "real_camera": true, "include_head": true, "exposure_us": 6000, "auto_exposure": false, "stage": "step1", "step1": "not_run", "step1_5": "not_run", "step2": "not_run", "robot": "RobotInfo(model=A@v1.2, dof=24, joints=24, powers=4, emos=1)", "exposure_readback": {"auto": false, "configured_us": 6000.0, "actual_us": 6000.0}, "error": "Step 1 failed: right: J5 prerequisite did not converge after 2 passes; convergence={'right': False}", "final_position_deg": [6.286010742187501, 20.079345703125, 0.0, 0.0, 0.0, 0.0, 0.0, 0.0, -54.99995165532179, -45.000435102103964, 25.00009668935644, -127.00064781868814, 89.99846191406249, -0.24873046875, -0.00043945312499999996, 0.0, 0.0, 0.0, -0.00021755105198019802, 0.0, 0.0, -0.0013183593749999999, 0.0, 0.0], "user_configs_preserved": true, "source_unchanged": true}
