10:49:52 [RUNNER] Connecting robot 192.168.1.40:50051 ...
10:49:53 [INFO] Power (48v) is already ON.
10:49:53 [INFO] Required servos (^(?!.*wheel).*$) are already ON.
10:49:53 [INFO] Control manager is already enabled. Re-enabling with unlimited_mode_enabled=True...
10:49:54 [INFO] Enabling control manager with unlimited_mode_enabled=True...
10:49:55 [RUNNER] Robot model=A version=v1.2 core.robot_version=1.2
10:49:55 [RUNNER] Connecting camera ...
10:50:07 [RUNNER] Exposure set: auto=False value=6000.0 actual=6000.0
10:50:07 [RUNNER] Starting joint offsets store: {'right': {'joint3': 0.0, 'joint5': 0.0, 'joint6': 0.0}, 'left': {'joint3': 0.0, 'joint5': 0.0, 'joint6': 0.0}}
10:50:07 [RUNNER] Bracket config at start: R=[0.0, -0.0539, -0.046, 90.8, 0.6, 180.0] L=[0.0, 0.0545, -0.05, 90.7, -0.5, 0.0]
10:50:07 Starting Step 1 sequential calibration...
10:50:07 
==================================================
10:50:07    STARTING PASS 1/3 FOR RIGHT ARM
10:50:07 ==================================================

10:50:07 [INFO] Detected Robot Version: 1.2 (is_v1.3: False)
10:50:07 [FULL AUTO 1/3] Calibrating J5 (Wrist Pitch) first on v1.2 right arm...
10:50:07 [INFO] Moving right arm to wrist_pitch Ready Pose...
10:50:07 [INFO] Moving inactive arm to zero pose first...
10:50:10 [INFO] Moving active arm, torso, and head to ready pose...
10:50:16 [INFO] Ready Pose Reached.
10:50:16 
[ITERATION 1/6] Sweeping physically with staged offset 0.0000°...
10:50:19 [ERROR] Marker is not visible.
10:50:19 [ERROR] Iteration 1 sweep failed (consecutive retry limit reached). Aborting calibration.
10:50:19 [RUNNER] Step 1 finished in 0.2 min: status=failed error=right_wrist_pitch: joint calibration did not converge
10:50:19 [RUNNER] Final joint offsets store: {'right': {'joint3': 0.0, 'joint5': 0.0, 'joint6': 0.0}, 'left': {'joint3': 0.0, 'joint5': 0.0, 'joint6': 0.0}}
10:50:19 [RUNNER] Final bracket config: R=[0.0, -0.0539, -0.046, 90.8, 0.6, 180.0] L=[0.0, 0.0545, -0.05, 90.7, -0.5, 0.0]
10:50:20 [RUNNER] Core closed (robot disconnected, camera stream off)
